// Jest Snapshot v1, https://goo.gl/fbAQLP

exports[`Button Test snapshot test button component 1`] = `
<div>
  <button
    class="button undefined"
    type="button"
  >
    Teste
  </button>
</div>
`;
