// Jest Snapshot v1, https://goo.gl/fbAQLP

exports[`Login Tests snapshot test login page 1`] = `
<div>
  <div
    class="container"
  >
    <form>
      <h1>
        Login
      </h1>
      <div
        class="form-group"
      >
        <div
          class="input-container"
        >
          <label
            for="email"
          >
            E-mail
          </label>
          <input
            id="email"
            name="email"
            placeholder="Informe seu e-mail"
            required=""
            type="email"
            value=""
          />
        </div>
        <div
          class="input-container"
        >
          <label
            for="password"
          >
            Senha
          </label>
          <input
            id="password"
            name="password"
            placeholder="Informe sua senha"
            type="password"
            value=""
          />
        </div>
        <button
          class="button undefined"
          type="submit"
        >
          Entrar
        </button>
      </div>
      <p
        class="registerText"
      >
        NÃ£o possui conta? 
        <a
          href="/register"
        >
          Cadastro
        </a>
      </p>
    </form>
  </div>
</div>
`;
